person_id,gender_concept_id,year_of_birth,month_of_birth,day_of_birth,birth_datetime,race_concept_id,ethnicity_concept_id,location_id,provider_id,care_site_id,person_source_value,gender_source_value,gender_source_concept_id,race_source_value,race_source_concept_id,ethnicity_source_value,ethnicity_source_concept_id
101,8507,,,,1951-12-25 00:00:00,,,,,,,M,8507,,,,
102,8507,,,,1981-11-19 00:00:00,,,,,,,M,8507,,,,
103,8532,,,,1997-05-11 00:00:00,,,,,,,F,8532,,,,
104,8532,,,,1975-06-07 00:00:00,,,,,,,F,8532,,,,
105,8532,,,,1976-04-23 00:00:00,,,,,,,F,8532,,,,
106,8507,,,,1966-09-29 00:00:00,,,,,,,M,8507,,,,
107,8532,,,,1956-11-12 00:00:00,,,,,,,F,8532,,,,
108,8507,,,,1985-03-01 00:00:00,,,,,,,M,8507,,,,
109,8532,,,,1950-10-31 00:00:00,,,,,,,F,8532,,,,
110,8532,,,,1993-09-07 00:00:00,,,,,,,F,8532,,,,
